Traceback (most recent call last):
  File "<frozen runpy>", line 198, in _run_module_as_main
  File "<frozen runpy>", line 88, in _run_code
  File "/Users/fedorlebedev/Desktop/Dashboard/auto-foundry-agentic-e2e-v0.2.1-dev/src/auto_foundry_core/cli.py", line 661, in <module>
    sys.exit(main())
             ^^^^^^
  File "/Users/fedorlebedev/Desktop/Dashboard/auto-foundry-agentic-e2e-v0.2.1-dev/src/auto_foundry_core/cli.py", line 599, in main
    _write_hashed_receipt(
  File "/Users/fedorlebedev/Desktop/Dashboard/auto-foundry-agentic-e2e-v0.2.1-dev/src/auto_foundry_core/cli.py", line 72, in _write_hashed_receipt
    body["payloadHash"] = _receipt_payload_hash(body)
                          ^^^^^^^^^^^^^^^^^^^^^^^^^^^
  File "/Users/fedorlebedev/Desktop/Dashboard/auto-foundry-agentic-e2e-v0.2.1-dev/src/auto_foundry_core/cli.py", line 49, in _receipt_payload_hash
    return hashlib.sha256(_canonical_json_bytes(value)).hexdigest()
                          ^^^^^^^^^^^^^^^^^^^^^^^^^^^^
  File "/Users/fedorlebedev/Desktop/Dashboard/auto-foundry-agentic-e2e-v0.2.1-dev/src/auto_foundry_core/cli.py", line 45, in _canonical_json_bytes
    return json.dumps(value, ensure_ascii=False, sort_keys=True, separators=(",", ":")).encode("utf-8")
           ^^^^^^^^^^^^^^^^^^^^^^^^^^^^^^^^^^^^^^^^^^^^^^^^^^^^^^^^^^^^^^^^^^^^^^^^^^^^
  File "/Library/Frameworks/Python.framework/Versions/3.12/lib/python3.12/json/__init__.py", line 238, in dumps
    **kw).encode(obj)
          ^^^^^^^^^^^
  File "/Library/Frameworks/Python.framework/Versions/3.12/lib/python3.12/json/encoder.py", line 200, in encode
    chunks = self.iterencode(o, _one_shot=True)
             ^^^^^^^^^^^^^^^^^^^^^^^^^^^^^^^^^^
  File "/Library/Frameworks/Python.framework/Versions/3.12/lib/python3.12/json/encoder.py", line 258, in iterencode
    return _iterencode(o, 0)
           ^^^^^^^^^^^^^^^^^
  File "/Library/Frameworks/Python.framework/Versions/3.12/lib/python3.12/json/encoder.py", line 180, in default
    raise TypeError(f'Object of type {o.__class__.__name__} '
TypeError: Object of type CoordinatorStatus is not JSON serializable
Traceback (most recent call last):
  File "<frozen runpy>", line 198, in _run_module_as_main
  File "<frozen runpy>", line 88, in _run_code
  File "/Users/fedorlebedev/Desktop/Dashboard/auto-foundry-agentic-e2e-v0.2.1-dev/src/auto_foundry_core/cli.py", line 661, in <module>
    sys.exit(main())
             ^^^^^^
  File "/Users/fedorlebedev/Desktop/Dashboard/auto-foundry-agentic-e2e-v0.2.1-dev/src/auto_foundry_core/cli.py", line 599, in main
    _write_hashed_receipt(
  File "/Users/fedorlebedev/Desktop/Dashboard/auto-foundry-agentic-e2e-v0.2.1-dev/src/auto_foundry_core/cli.py", line 72, in _write_hashed_receipt
    body["payloadHash"] = _receipt_payload_hash(body)
                          ^^^^^^^^^^^^^^^^^^^^^^^^^^^
  File "/Users/fedorlebedev/Desktop/Dashboard/auto-foundry-agentic-e2e-v0.2.1-dev/src/auto_foundry_core/cli.py", line 49, in _receipt_payload_hash
    return hashlib.sha256(_canonical_json_bytes(value)).hexdigest()
                          ^^^^^^^^^^^^^^^^^^^^^^^^^^^^
  File "/Users/fedorlebedev/Desktop/Dashboard/auto-foundry-agentic-e2e-v0.2.1-dev/src/auto_foundry_core/cli.py", line 45, in _canonical_json_bytes
    return json.dumps(value, ensure_ascii=False, sort_keys=True, separators=(",", ":")).encode("utf-8")
           ^^^^^^^^^^^^^^^^^^^^^^^^^^^^^^^^^^^^^^^^^^^^^^^^^^^^^^^^^^^^^^^^^^^^^^^^^^^^
  File "/Library/Frameworks/Python.framework/Versions/3.12/lib/python3.12/json/__init__.py", line 238, in dumps
    **kw).encode(obj)
          ^^^^^^^^^^^
  File "/Library/Frameworks/Python.framework/Versions/3.12/lib/python3.12/json/encoder.py", line 200, in encode
    chunks = self.iterencode(o, _one_shot=True)
             ^^^^^^^^^^^^^^^^^^^^^^^^^^^^^^^^^^
  File "/Library/Frameworks/Python.framework/Versions/3.12/lib/python3.12/json/encoder.py", line 258, in iterencode
    return _iterencode(o, 0)
           ^^^^^^^^^^^^^^^^^
  File "/Library/Frameworks/Python.framework/Versions/3.12/lib/python3.12/json/encoder.py", line 180, in default
    raise TypeError(f'Object of type {o.__class__.__name__} '
TypeError: Object of type CoordinatorStatus is not JSON serializable
